[onelianraika.com/index.html]
[backblue.gif]
[fade.gif]
[index.html]
[onelianraika.com/index.php/wp-json/oembed/1.0/embedc29c.json]
[onelianraika.com/index.php/feed/index.html]
[onelianraika.com/index.php/comments/feed/index.html]
[onelianraika.com/index.php/wp-json/oembed/1.0/embedfb4b]
[onelianraika.com/wp-includes/blocks/navigation/style.mind4d0.css]
[onelianraika.com/wp-content/plugins/woocommerce/assets/client/blocks/wc-blocksc90d.css]
[onelianraika.com/wp-content/plugins/woocommerce/assets/client/blocks/customer-accountc90d.css]
[onelianraika.com/wp-content/plugins/woocommerce/assets/client/blocks/mini-cart-contentsc90d.css]
[onelianraika.com/wp-content/plugins/woocommerce/assets/client/blocks/packages-stylec90d.css]
[onelianraika.com/wp-content/plugins/woocommerce/assets/client/blocks/mini-cartc90d.css]
[onelianraika.com/wp-content/plugins/getwid/vendors/animate.css/animate.min3088.css]
[onelianraika.com/wp-includes/blocks/cover/style.mind4d0.css]
[onelianraika.com/wp-content/plugins/getwid/vendors/fontawesome-free/css/all.mindeba.css]
[onelianraika.com/wp-content/plugins/getwid/vendors/slick/slick/slick.min8162.css]
[onelianraika.com/wp-content/plugins/getwid/vendors/slick/slick/slick-theme.min8162.css]
[onelianraika.com/wp-content/plugins/getwid/vendors/mp-fancybox/jquery.fancybox.min96b9.css]
[onelianraika.com/wp-content/plugins/getwid/assets/css/blocks.stylee1fc.css]
[onelianraika.com/wp-content/plugins/cookie-notice/css/front.min2a47.css]
[onelianraika.com/wp-content/plugins/woocommerce/assets/css/woocommerce-layoutfa34.css]
[onelianraika.com/wp-content/plugins/woocommerce/assets/css/woocommerce-smallscreenfa34.css]
[onelianraika.com/wp-content/plugins/woocommerce/assets/css/woocommercefa34.css]
[onelianraika.com/wp-content/plugins/woocommerce/assets/css/woocommerce-blockthemefa34.css]
[onelianraika.com/wp-content/plugins/woocommerce/assets/css/brandsfa34.css]
[onelianraika.com/wp-includes/js/jquery/jquery.minf43b.js]
[onelianraika.com/wp-includes/js/jquery/jquery-migrate.min5589.js]
[onelianraika.com/wp-content/plugins/cookie-notice/js/front.min2a47.js]
[onelianraika.com/wp-content/plugins/woocommerce/assets/js/jquery-blockui/jquery.blockUI.minc5e3.js]
[onelianraika.com/wp-content/plugins/woocommerce/assets/js/frontend/add-to-cart.minfa34.js]
[onelianraika.com/wp-content/plugins/woocommerce/assets/js/js-cookie/js.cookie.mina248.js]
[onelianraika.com/wp-content/plugins/woocommerce/assets/js/frontend/woocommerce.minfa34.js]
[onelianraika.com/index.php/wp-json/wp/v2/pages/134.json]
[onelianraika.com/xmlrpc0db0.php]
[onelianraika.com/wp-includes/js/dist/script-modules/interactivity/index.mind306.js]
[onelianraika.com/wp-content/themes/twentytwentyfour/assets/fonts/inter/Inter-VariableFont_slnt,wght.woff2]
[onelianraika.com/wp-content/themes/twentytwentyfour/assets/fonts/cardo/cardo_normal_400.woff2]
[onelianraika.com/wp-content/themes/twentytwentyfour/assets/fonts/cardo/cardo_italic_400.woff2]
[onelianraika.com/index.php/wp-json/index.html]
[onelianraika.com/wp-content/themes/twentytwentyfour/assets/fonts/cardo/cardo_normal_700.woff2]
[onelianraika.com/wp-content/uploads/2025/03/istockphoto-1439890949-612x612-1-100x100.jpg]
[onelianraika.com/wp-content/uploads/2025/03/istockphoto-1439890949-612x612-1-300x300.jpg]
[onelianraika.com/wp-content/uploads/2025/03/istockphoto-1439890949-612x612-1.jpg]
[onelianraika.com/wp-content/uploads/2025/05/welcome-2-1024x683.png]
[onelianraika.com/wp-includes/js/dist/script-modules/block-library/navigation/view.min8016.js]
[onelianraika.com/wp-includes/js/dist/vendor/wp-polyfill.min2c7c.js]
[onelianraika.com/wp-includes/js/dist/hooks.minaf5f.js]
[onelianraika.com/wp-includes/js/dist/i18n.min1cde.js]
[onelianraika.com/index.php/blog-2-0/index.html]
[onelianraika.com/wp-content/plugins/woocommerce/assets/client/blocks/wc-cart-checkout-base-frontenda07f.js]
[onelianraika.com/wp-content/plugins/woocommerce/assets/client/blocks/wc-cart-checkout-vendors-frontend513e.js]
[onelianraika.com/wp-content/plugins/woocommerce/assets/client/blocks/wc-typese5ad.js]
[onelianraika.com/wp-content/plugins/woocommerce/assets/client/blocks/blocks-checkout-events076b.js]
[onelianraika.com/wp-includes/js/dist/vendor/react.mine1ab.js]
[onelianraika.com/index.php/about-us/index.html]
[onelianraika.com/wp-includes/js/dist/url.min5b91.js]
[onelianraika.com/wp-includes/js/dist/api-fetch.min7cb7.js]
[onelianraika.com/wp-content/plugins/woocommerce/assets/client/blocks/wc-settings547f.js]
[onelianraika.com/index.php/inspiration/index.html]
[onelianraika.com/wp-includes/js/dist/vendor/react-jsx-runtime.mincb06.js]
[onelianraika.com/wp-includes/js/dist/deprecated.min0a8b.js]
[onelianraika.com/wp-includes/js/dist/dom.min18d2.js]
[onelianraika.com/wp-includes/js/dist/vendor/react-dom.mine1ab.js]
[onelianraika.com/wp-includes/js/dist/escape-html.min3a9d.js]
[onelianraika.com/index.php/privacy-policy-2/index.html]
[onelianraika.com/wp-includes/js/dist/element.min8eb0.js]
[onelianraika.com/wp-includes/js/dist/is-shallow-equal.mincb09.js]
[onelianraika.com/wp-includes/js/dist/keycodes.min204c.js]
[onelianraika.com/wp-includes/js/dist/priority-queue.mina9be.js]
[onelianraika.com/wp-includes/js/dist/compose.minbc06.js]
[onelianraika.com/index.php/contact/index.html]
[onelianraika.com/wp-includes/js/dist/private-apis.min7d42.js]
[onelianraika.com/wp-includes/js/dist/redux-routine.min29d8.js]
[onelianraika.com/wp-includes/js/dist/data.min998d.js]
[onelianraika.com/wp-content/plugins/woocommerce/assets/client/blocks/wc-blocks-registryb76b.js]
[onelianraika.com/wp-includes/js/dist/data-controls.min01e0.js]
[onelianraika.com/index.php/shop/index.html]
[onelianraika.com/wp-includes/js/dist/html-entities.minad9d.js]
[onelianraika.com/wp-includes/js/dist/notices.min0012.js]
[onelianraika.com/wp-content/plugins/woocommerce/assets/client/blocks/wc-blocks-middleware7143.js]
[onelianraika.com/wp-content/plugins/woocommerce/assets/client/blocks/wc-blocks-data380a.js]
[onelianraika.com/wp-content/plugins/woocommerce/assets/client/blocks/price-format2a95.js]
[onelianraika.com/index.php/my-account/index.html]
[onelianraika.com/wp-content/plugins/woocommerce/assets/client/blocks/mini-cart-frontendea03.js]
[onelianraika.com/wp-content/plugins/getwid/vendors/wow.js/dist/wow.min1576.js]
[onelianraika.com/wp-content/plugins/getwid/assets/js/frontend.blockse1fc.js]
[onelianraika.com/wp-content/plugins/woocommerce/assets/js/sourcebuster/sourcebuster.minfa34.js]
[onelianraika.com/wp-content/plugins/woocommerce/assets/js/frontend/order-attribution.minfa34.js]
[onelianraika.com/index.html]
[onelianraika.com/wp-includes/blocks/navigation/style.mind4d0.css]
[onelianraika.com/wp-content/plugins/woocommerce/assets/client/blocks/wc-blocksc90d.css]
[onelianraika.com/wp-content/plugins/woocommerce/assets/client/blocks/customer-accountc90d.css]
[onelianraika.com/wp-content/plugins/woocommerce/assets/client/blocks/mini-cart-contentsc90d.css]
[onelianraika.com/wp-content/plugins/woocommerce/assets/client/blocks/packages-stylec90d.css]
[onelianraika.com/wp-content/plugins/woocommerce/assets/client/blocks/mini-cartc90d.css]
[onelianraika.com/wp-content/plugins/getwid/vendors/animate.css/animate.min3088.css]
[onelianraika.com/wp-includes/blocks/cover/style.mind4d0.css]
[onelianraika.com/wp-content/plugins/getwid/vendors/fontawesome-free/webfonts/fa-brands-400.eot]
[onelianraika.com/wp-content/plugins/getwid/vendors/fontawesome-free/webfonts/fa-brands-400d41d.eot]
[onelianraika.com/wp-content/plugins/getwid/vendors/fontawesome-free/webfonts/fa-brands-400.woff2]
[onelianraika.com/wp-content/plugins/getwid/vendors/fontawesome-free/webfonts/fa-brands-400.woff]
[onelianraika.com/wp-content/plugins/getwid/vendors/fontawesome-free/webfonts/fa-brands-400.ttf]
[onelianraika.com/wp-content/plugins/getwid/vendors/fontawesome-free/webfonts/fa-brands-400.svg]
[onelianraika.com/wp-content/plugins/getwid/vendors/fontawesome-free/webfonts/fa-regular-400.eot]
[onelianraika.com/wp-content/plugins/getwid/vendors/fontawesome-free/webfonts/fa-regular-400d41d.eot]
[onelianraika.com/wp-content/plugins/getwid/vendors/fontawesome-free/webfonts/fa-regular-400.woff2]
[onelianraika.com/wp-content/plugins/getwid/vendors/fontawesome-free/webfonts/fa-regular-400.woff]
[onelianraika.com/wp-content/plugins/getwid/vendors/fontawesome-free/webfonts/fa-regular-400.ttf]
[onelianraika.com/wp-content/plugins/getwid/vendors/fontawesome-free/webfonts/fa-regular-400.svg]
[onelianraika.com/wp-content/plugins/getwid/vendors/fontawesome-free/webfonts/fa-solid-900.eot]
[onelianraika.com/wp-content/plugins/getwid/vendors/fontawesome-free/webfonts/fa-solid-900d41d.eot]
[onelianraika.com/wp-content/plugins/getwid/vendors/fontawesome-free/webfonts/fa-solid-900.woff2]
[onelianraika.com/wp-content/plugins/getwid/vendors/fontawesome-free/webfonts/fa-solid-900.woff]
[onelianraika.com/wp-content/plugins/getwid/vendors/fontawesome-free/webfonts/fa-solid-900.ttf]
[onelianraika.com/wp-content/plugins/getwid/vendors/fontawesome-free/css/all.mindeba.css]
[onelianraika.com/wp-content/plugins/getwid/vendors/slick/slick/slick.min8162.css]
[onelianraika.com/wp-content/plugins/getwid/vendors/fontawesome-free/webfonts/fa-solid-900.svg]
[onelianraika.com/wp-content/plugins/getwid/vendors/slick/slick/ajax-loader.gif]
[onelianraika.com/wp-content/plugins/getwid/vendors/slick/slick/fonts/slick.eot]
[onelianraika.com/wp-content/plugins/getwid/vendors/slick/slick/fonts/slickd41d.eot]
[onelianraika.com/wp-content/plugins/getwid/vendors/slick/slick/fonts/slick.woff]
[onelianraika.com/wp-content/plugins/getwid/vendors/slick/slick/fonts/slick.ttf]
[onelianraika.com/wp-content/plugins/getwid/vendors/slick/slick/slick-theme.min8162.css]
[onelianraika.com/wp-content/plugins/getwid/vendors/slick/slick/fonts/slick.svg]
[onelianraika.com/wp-content/plugins/getwid/vendors/mp-fancybox/jquery.fancybox.min96b9.css]
[onelianraika.com/wp-content/plugins/getwid/assets/css/blocks.stylee1fc.css]
[onelianraika.com/wp-content/plugins/cookie-notice/css/front.min2a47.css]
[onelianraika.com/wp-content/plugins/woocommerce/assets/css/woocommerce-layoutfa34.css]
[onelianraika.com/wp-content/plugins/woocommerce/assets/css/woocommerce-smallscreenfa34.css]
[onelianraika.com/wp-content/plugins/woocommerce/assets/fonts/WooCommerce.woff2]
[onelianraika.com/wp-content/plugins/woocommerce/assets/fonts/WooCommerce.woff]
[onelianraika.com/wp-content/plugins/woocommerce/assets/fonts/WooCommerce.ttf]
[onelianraika.com/wp-content/plugins/woocommerce/assets/css/woocommercefa34.css]
[onelianraika.com/wp-content/plugins/woocommerce/assets/images/icons/loader.svg]
[onelianraika.com/wp-content/plugins/woocommerce/assets/css/woocommerce-blockthemefa34.css]
[onelianraika.com/wp-content/plugins/woocommerce/assets/css/brandsfa34.css]
[onelianraika.com/xmlrpc0db0.html]
[onelianraika.com/index.php/wp-json/oembed/1.0/embedec71.json]
[onelianraika.com/index.php/wp-json/oembed/1.0/embed84d8]
[onelianraika.com/index.php/wp-json/wp/v2/pages/551.json]
[onelianraika.com/wp-content/uploads/2025/03/IMG_2663-scaled.jpg]
[onelianraika.com/wp-content/uploads/2025/03/IMG_3501-scaled.jpg]
[onelianraika.com/wp-content/uploads/2025/03/IMG_4041-scaled.jpg]
[onelianraika.com/index.php/2025/05/08/raika-and-the-garden-adventure/index.html]
[onelianraika.com/wp-content/uploads/2025/03/IMG_0941-1-scaled.jpg]
[onelianraika.com/index.php/blog-2-0/index.html]
[onelianraika.com/index.php/2025/04/02/2/index.html]
[onelianraika.com/index.php/wp-json/oembed/1.0/embedab8f.json]
[onelianraika.com/index.php/wp-json/oembed/1.0/embed89b9]
[onelianraika.com/index.php/2025/04/02/1/index.html]
[onelianraika.com/index.php/wp-json/wp/v2/pages/464.json]
[onelianraika.com/index.php/2025/02/26/hello-world/index.html]
[onelianraika.com/wp-content/uploads/2025/03/IMG_6598-scaled.jpg]
[onelianraika.com/wp-content/uploads/2025/03/IMG_4475-scaled.jpg]
[onelianraika.com/wp-content/uploads/2025/03/IMG_4099-scaled.jpg]
[onelianraika.com/wp-content/uploads/2025/03/IMG_2844-scaled.jpg]
[onelianraika.com/wp-content/uploads/2025/03/IMG_2608-scaled.jpg]
[onelianraika.com/wp-content/uploads/2025/03/IMG_1818-scaled.jpg]
[onelianraika.com/wp-content/uploads/2025/03/IMG_2680-scaled.jpg]
[onelianraika.com/wp-content/uploads/2025/03/IMG_2301-scaled.jpg]
[onelianraika.com/wp-content/uploads/2025/03/IMG_2902-scaled.jpg]
[onelianraika.com/wp-content/uploads/2025/03/IMG_4558-scaled.jpg]
[onelianraika.com/wp-content/uploads/2025/03/IMG_2357-scaled.jpg]
[onelianraika.com/wp-content/uploads/2025/03/IMG_7469-scaled.jpg]
[onelianraika.com/wp-content/plugins/getwid/vendors/slick/slick/slick.min8162.js]
[onelianraika.com/wp-includes/js/imagesloaded.minbb93.js]
[onelianraika.com/index.php/about-us/index.html]
[onelianraika.com/index.php/wp-json/oembed/1.0/embedb55a.json]
[onelianraika.com/index.php/wp-json/oembed/1.0/embedf170]
[onelianraika.com/index.php/wp-json/wp/v2/pages/584.json]
[onelianraika.com/wp-content/uploads/2025/05/f61fe05a1ffd444649d039aec2d5f0c2.jpg]
[onelianraika.com/wp-content/uploads/2025/05/Beige-Aesthetic-Moodboard-Photo-Collage-Poster-1.png]
[onelianraika.com/index.php/inspiration/index.html]
[onelianraika.com/index.php/wp-json/oembed/1.0/embeda374.json]
[onelianraika.com/index.php/wp-json/oembed/1.0/embed7195]
[onelianraika.com/index.php/wp-json/wp/v2/pages/32.json]
[onelianraika.com/index.php/privacy-policy-2/index.html]
[onelianraika.com/index.php/wp-json/oembed/1.0/embed0fd8.json]
[onelianraika.com/index.php/wp-json/oembed/1.0/embed46f3]
[onelianraika.com/index.php/wp-json/wp/v2/pages/26.json]
[onelianraika.com/index.php/contact/index.html]
[onelianraika.com/wp-content/plugins/woocommerce/assets/client/blocks/breadcrumbsc90d.css]
[onelianraika.com/index.php/shop/feed/index.html]
[onelianraika.com/wp-content/plugins/woocommerce/assets/client/blocks/store-noticesc90d.css]
[onelianraika.com/wp-content/plugins/woocommerce/assets/client/blocks/product-results-countc90d.css]
[onelianraika.com/wp-content/plugins/woocommerce/assets/client/blocks/catalog-sortingc90d.css]
[onelianraika.com/wp-content/plugins/woocommerce/assets/client/blocks/product-imagec90d.css]
[onelianraika.com/wp-content/plugins/woocommerce/assets/client/blocks/product-buttonc90d.css]
[onelianraika.com/wp-content/plugins/woocommerce/assets/client/blocks/product-templatec90d.css]
[onelianraika.com/wp-content/plugins/woocommerce/assets/client/blocks/product-collectionc90d.css]
[onelianraika.com/wp-content/plugins/woocommerce/assets/client/blocks/woocommerce/product-button50ee.js]
[onelianraika.com/wp-content/plugins/woocommerce/assets/client/blocks/woocommerce/product-collection0051.js]
[onelianraika.com/wp-content/uploads/2025/05/shop-300x300.jpg]
[onelianraika.com/wp-content/uploads/2025/04/Cat-Bowls-Ceramic-300x300.jpg]
[onelianraika.com/wp-content/uploads/2025/05/bed-300x300.webp]
[onelianraika.com/index.php/product/cat-toy-mouse/index.html]
[onelianraika.com/wp-content/uploads/2025/05/toy-300x300.jpg]
[onelianraika.com/wp-content/uploads/2025/04/Daisy-Chain-Adjustable-Neck-HARNESS-L-300x300.jpg]
[onelianraika.com/index.php/shop/index.html]
[onelianraika.com/wp-content/uploads/2025/04/Nina-Woof-Milan-Vegan-Leather-Dog-Collar-300x300.jpg]
[onelianraika.com/index.php/shop/index9391.html]
[onelianraika.com/index.php/cart/index.html]
[onelianraika.com/index.php/wp-json/oembed/1.0/embed382e.json]
[onelianraika.com/index.php/wp-json/oembed/1.0/embedbf2e]
[onelianraika.com/wp-content/plugins/woocommerce/assets/css/select2fa34.css]
[onelianraika.com/index.php/product/cat-ceramic-bowl/index.html]
[onelianraika.com/wp-content/plugins/woocommerce/assets/js/selectWoo/selectWoo.full.min6803.js]
[onelianraika.com/index.php/shop/index442e.html]
[onelianraika.com/wp-content/plugins/woocommerce/assets/js/frontend/account-i18n.minfa34.js]
[onelianraika.com/index.php/wp-json/wp/v2/pages/369.json]
[onelianraika.com/index.php/my-account/index.html]
[onelianraika.com/index.php/about/index.html]
[onelianraika.com/index.php/shop/index5e92.html]
[onelianraika.com/index.php/product/cozy-cat-bed/index.html]
[onelianraika.com/index.php/product/dog-chew-toy/index.html]
[onelianraika.com/index.php/product/flower-dog-leash/index.html]
[onelianraika.com/wp-admin/admin-ajaxf809.html]
[onelianraika.com/index.php/shop/indexb0c6.html]
[onelianraika.com/index.php/product/pink-dog-collar/index.html]
[onelianraika.com/index.php/shop/index8026.html]
[onelianraika.com/wp-content/plugins/getwid/vendors/fontawesome-free/webfonts/fa-brands-400.svg]
[onelianraika.com/wp-content/plugins/getwid/vendors/fontawesome-free/webfonts/fa-regular-400.svg]
[onelianraika.com/index.php/my-account/lost-password/index.html]
[onelianraika.com/wp-content/plugins/getwid/vendors/fontawesome-free/webfonts/fa-solid-900.svg]
[onelianraika.com/wp-content/plugins/getwid/vendors/slick/slick/fonts/slick.svg]
[onelianraika.com/wp-content/plugins/woocommerce/assets/images/icons/loader.svg]
[onelianraika.com/index46de.html]
[onelianraika.com/index.php/wp-json/oembed/1.0/embed7887.json]
[onelianraika.com/index.php/2025/05/08/raika-and-the-garden-adventure/feed/index.html]
[onelianraika.com/index.php/wp-json/oembed/1.0/embedaf5c]
[onelianraika.com/index.php/wp-json/wp/v2/posts/536.json]
[onelianraika.com/index.php/2025/05/08/raika-and-the-garden-adventure/index.html]
[onelianraika.com/wp-includes/js/comment-reply.mind4d0.js]
[onelianraika.com/index.php/wp-json/oembed/1.0/embed4eeb.json]
[onelianraika.com/index.php/wp-json/oembed/1.0/embed6445]
[onelianraika.com/index.php/author/helenedavid/index.html]
[onelianraika.com/index.php/wp-json/wp/v2/posts/318.json]
[onelianraika.com/index.php/2025/04/02/2/index.html]
[onelianraika.com/index.php/category/raika/index.html]
[onelianraika.com/index.php/wp-json/oembed/1.0/embedc3d2.json]
[onelianraika.com/index.php/2025/04/02/2/feed/index.html]
[onelianraika.com/index.php/wp-json/oembed/1.0/embede8fb]
[onelianraika.com/index.php/wp-json/wp/v2/posts/316.json]
[onelianraika.com/index.php/2025/04/02/1/index.html]
[onelianraika.com/index.php/wp-json/oembed/1.0/embed3281.json]
[onelianraika.com/index.php/2025/04/02/1/feed/index.html]
[onelianraika.com/index.php/wp-json/oembed/1.0/embed7ee3]
[onelianraika.com/index.php/wp-json/wp/v2/posts/1.json]
[onelianraika.com/index.php/2025/02/26/hello-world/index.html]
[onelianraika.com/indexa260.html]
[onelianraika.com/index63e6.html]
[onelianraika.com/index6c46.html]
[onelianraika.com/index.php/category/onelia/index.html]
[onelianraika.com/index.php/category/onelia-raika/index.html]
[onelianraika.com/index88b9.html]
[onelianraika.com/index.php/2025/02/26/hello-world/index0e22.html]
[onelianraika.com/index.php/2025/02/26/hello-world/index6809.html]
[onelianraika.com/wp-content/plugins/woocommerce/assets/client/blocks/breadcrumbsc90d.css]
[onelianraika.com/wp-content/plugins/woocommerce/assets/client/blocks/store-noticesc90d.css]
[onelianraika.com/wp-content/plugins/woocommerce/assets/client/blocks/product-results-countc90d.css]
[onelianraika.com/wp-content/plugins/woocommerce/assets/client/blocks/catalog-sortingc90d.css]
[onelianraika.com/wp-content/plugins/woocommerce/assets/client/blocks/product-imagec90d.css]
[onelianraika.com/wp-content/plugins/woocommerce/assets/client/blocks/product-buttonc90d.css]
[onelianraika.com/wp-content/plugins/woocommerce/assets/client/blocks/product-templatec90d.css]
[onelianraika.com/wp-content/plugins/woocommerce/assets/client/blocks/product-collectionc90d.css]
[onelianraika.com/index.php/2025/02/26/hello-world/feed/index.html]
[onelianraika.com/index.php/wp-json/oembed/1.0/embedbe66.json]
[onelianraika.com/index.php/product/cat-toy-mouse/feed/index.html]
[onelianraika.com/index.php/wp-json/oembed/1.0/embed0a40]
[onelianraika.com/wp-content/plugins/woocommerce/assets/css/photoswipe/photoswipe.minfa34.css]
[onelianraika.com/wp-content/plugins/woocommerce/assets/css/photoswipe/default-skin/default-skin.minfa34.css]
[onelianraika.com/wp-content/plugins/woocommerce/assets/client/blocks/product-image-galleryc90d.css]
[onelianraika.com/wp-content/plugins/woocommerce/assets/client/blocks/add-to-cart-formc90d.css]
[onelianraika.com/wp-content/plugins/woocommerce/assets/client/blocks/product-detailsc90d.css]
[onelianraika.com/wp-content/plugins/woocommerce/assets/js/zoom/jquery.zoom.minfc3a.js]
[onelianraika.com/wp-content/plugins/woocommerce/assets/js/flexslider/jquery.flexslider.min0086.js]
[onelianraika.com/wp-content/plugins/woocommerce/assets/js/photoswipe/photoswipe.minb684.js]
[onelianraika.com/wp-content/plugins/woocommerce/assets/js/photoswipe/photoswipe-ui-default.minb684.js]
[onelianraika.com/wp-content/plugins/woocommerce/assets/js/frontend/single-product.minfa34.js]
[onelianraika.com/index.php/wp-json/wp/v2/product/684.json]
[onelianraika.com/wp-content/uploads/2025/05/shop.jpg]
[onelianraika.com/wp-content/uploads/2025/05/shop-600x456.jpg]
[onelianraika.com/index.php/product/cat-toy-mouse/index.html]
[onelianraika.com/wp-content/plugins/woocommerce/assets/client/blocks/cart-frontende329.js]
[onelianraika.com/index.php/product-category/cat-collars/index.html]
[onelianraika.com/index.php/product/cat-toy-mouse/index442e.html]
[onelianraika.com/index.php/product/cat-toy-mouse/index5e92.html]
[onelianraika.com/wp-content/plugins/woocommerce/assets/client/blocks/blocks-components80fb.js]
[onelianraika.com/wp-content/plugins/woocommerce/assets/client/blocks/blocks-checkoutbc79.js]
[onelianraika.com/wp-includes/js/dist/a11y.min1b1c.js]
[onelianraika.com/wp-includes/js/dist/dom-ready.min5346.js]
[onelianraika.com/wp-includes/js/dist/primitives.min28e8.js]
[onelianraika.com/wp-includes/js/dist/warning.min7700.js]
[onelianraika.com/wp-content/plugins/woocommerce/assets/client/blocks/wc-blocks-shared-contexta241.js]
[onelianraika.com/wp-content/plugins/woocommerce/assets/client/blocks/wc-blocks-shared-hocs7a35.js]
[onelianraika.com/wp-includes/js/dist/autop.min33af.js]
[onelianraika.com/wp-includes/js/dist/plugins.min5458.js]
[onelianraika.com/wp-includes/js/dist/style-engine.min9044.js]
[onelianraika.com/wp-includes/js/dist/wordcount.mincc22.js]
[onelianraika.com/wp-content/plugins/woocommerce/assets/client/blocks/checkout-frontend01cb.js]
[onelianraika.com/index.php/shop/index9391.html]
[onelianraika.com/index.php/wp-json/oembed/1.0/embedac72.json]
[onelianraika.com/index.php/wp-json/oembed/1.0/embedb2da]
[onelianraika.com/wp-content/plugins/woocommerce/assets/client/blocks/all-productsc90d.css]
[onelianraika.com/wp-content/plugins/woocommerce/assets/client/blocks/cartc90d.css]
[onelianraika.com/index.php/wp-json/wp/v2/pages/367.json]
[onelianraika.com/wp-content/plugins/woocommerce/assets/client/blocks/wc-payment-method-bacs3a05.js]
[onelianraika.com/index.php/cart/index.html]
[onelianraika.com/index.php/wp-json/oembed/1.0/embed26dc.json]
[onelianraika.com/index.php/cart/index5e92.html]
[onelianraika.com/index.php/wp-json/oembed/1.0/embed02bc]
[onelianraika.com/index.php/cart/index9391.html]
[onelianraika.com/index.php/wp-json/wp/v2/product/437.json]
[onelianraika.com/wp-content/uploads/2025/04/Cat-Bowls-Ceramic.jpg]
[onelianraika.com/wp-content/uploads/2025/04/Cat-Bowls-Ceramic-600x750.jpg]
[onelianraika.com/index.php/product/cat-ceramic-bowl/index.html]
[onelianraika.com/index.php/shop/index442e.html]
[onelianraika.com/index.php/cart/indexb0c6.html]
[onelianraika.com/index.php/product/cat-ceramic-bowl/feed/index.html]
[onelianraika.com/index.php/product/cat-ceramic-bowl/index9391.html]
[onelianraika.com/index.php/wp-json/oembed/1.0/embed4ba3.json]
[onelianraika.com/index.php/wp-json/oembed/1.0/embedd3b1]
[onelianraika.com/index.php/product/cat-ceramic-bowl/index5e92.html]
[onelianraika.com/index.php/wp-json/wp/v2/product/688.json]
[onelianraika.com/wp-content/uploads/2025/05/bed.webp]
[onelianraika.com/wp-content/uploads/2025/05/bed-600x600.webp]
[onelianraika.com/index.php/product/cozy-cat-bed/index.html]
[onelianraika.com/index.php/shop/index5e92.html]
[onelianraika.com/index.php/product/cozy-cat-bed/feed/index.html]
[onelianraika.com/index.php/product/cozy-cat-bed/index9391.html]
[onelianraika.com/index.php/product/cozy-cat-bed/index442e.html]
[onelianraika.com/index.php/wp-json/oembed/1.0/embed28b6.json]
[onelianraika.com/index.php/product/dog-chew-toy/feed/index.html]
[onelianraika.com/index.php/wp-json/oembed/1.0/embed9966]
[onelianraika.com/index.php/wp-json/wp/v2/product/690.json]
[onelianraika.com/wp-content/uploads/2025/05/toy.jpg]
[onelianraika.com/wp-content/uploads/2025/05/toy-600x750.jpg]
[onelianraika.com/index.php/product/dog-chew-toy/index.html]
[onelianraika.com/index.php/wp-json/oembed/1.0/embedf5ef.json]
[onelianraika.com/index.php/wp-json/oembed/1.0/embed9f68]
[onelianraika.com/index.php/product-category/dog-collars/index.html]
[onelianraika.com/index.php/wp-json/wp/v2/product/439.json]
[onelianraika.com/wp-content/uploads/2025/04/Daisy-Chain-Adjustable-Neck-HARNESS-L.jpg]
[onelianraika.com/index.php/product/flower-dog-leash/index.html]
[onelianraika.com/wp-content/uploads/2025/04/Daisy-Chain-Adjustable-Neck-HARNESS-L-600x600.jpg]
[onelianraika.com/index.php/shop/indexb0c6.html]
[onelianraika.com/index.php/product/dog-chew-toy/indexb0c6.html]
[onelianraika.com/index.php/product/dog-chew-toy/index8026.html]
[onelianraika.com/index.php/product/flower-dog-leash/feed/index.html]
[onelianraika.com/index.php/wp-json/oembed/1.0/embedcd89.json]
[onelianraika.com/index.php/wp-json/oembed/1.0/embedc67a]
[onelianraika.com/index.php/wp-json/wp/v2/product/420.json]
[onelianraika.com/wp-content/uploads/2025/04/Nina-Woof-Milan-Vegan-Leather-Dog-Collar.jpg]
[onelianraika.com/index.php/product/pink-dog-collar/index.html]
[onelianraika.com/index.php/shop/index8026.html]
[onelianraika.com/wp-content/plugins/woocommerce/assets/css/select2fa34.css]
[onelianraika.com/index0261.html]
[onelianraika.com/index.php/product/flower-dog-leash/index8026.html]
[onelianraika.com/index.php/product/pink-dog-collar/feed/index.html]
[onelianraika.com/wp-includes/js/zxcvbn-async.min5152.js]
[onelianraika.com/index.php/product/pink-dog-collar/indexb0c6.html]
[onelianraika.com/wp-admin/js/password-strength-meter.mind4d0.js]
[onelianraika.com/wp-content/plugins/woocommerce/assets/js/frontend/password-strength-meter.minfa34.js]
[onelianraika.com/wp-content/plugins/woocommerce/assets/js/frontend/lost-password.minfa34.js]
[onelianraika.com/index.php/my-account/lost-password/index.html]
[onelianraika.com/indexd379.html]
[onelianraika.com/index.php/author/helenedavid/feed/index.html]
[onelianraika.com/index.php/wp-json/wp/v2/users/1.json]
[onelianraika.com/index.php/author/helenedavid/index.html]
[onelianraika.com/index.php/wp-json/wp/v2/categories/10.json]
[onelianraika.com/index.php/category/raika/index.html]
[onelianraika.com/indexcb8c.html]
[onelianraika.com/index258b.html]
[onelianraika.com/index.php/category/raika/feed/index.html]
[onelianraika.com/index.php/wp-json/wp/v2/categories/9.json]
[onelianraika.com/index.php/category/onelia/index.html]
[onelianraika.com/indexcff1.html]
[onelianraika.com/index.php/category/onelia/feed/index.html]
[onelianraika.com/index.php/wp-json/wp/v2/categories/8.json]
[onelianraika.com/index.php/category/onelia-raika/index.html]
[onelianraika.com/index.php/2025/02/26/hello-world/index6809.html]
[onelianraika.com/index.php/2025/02/26/hello-world/index0e22.html]
[onelianraika.com/index.php/category/onelia-raika/feed/index.html]
[onelianraika.com/wp-content/plugins/woocommerce/assets/css/photoswipe/default-skin/default-skin.png]
[onelianraika.com/wp-content/plugins/woocommerce/assets/css/photoswipe/photoswipe.minfa34.css]
[onelianraika.com/wp-content/plugins/woocommerce/assets/css/photoswipe/default-skin/default-skin.svg]
[onelianraika.com/wp-content/plugins/woocommerce/assets/css/photoswipe/default-skin/default-skin.minfa34.css]
[onelianraika.com/wp-content/plugins/woocommerce/assets/css/photoswipe/default-skin/preloader.gif]
[onelianraika.com/wp-content/plugins/woocommerce/assets/client/blocks/product-image-galleryc90d.css]
[onelianraika.com/wp-content/plugins/woocommerce/assets/client/blocks/add-to-cart-formc90d.css]
[onelianraika.com/wp-content/plugins/woocommerce/assets/client/blocks/product-detailsc90d.css]
[onelianraika.com/indexff9b.html]
[onelianraika.com/index.php/wp-json/wp/v2/product_cat/25.json]
[onelianraika.com/index.php/product-category/cat-collars/index.html]
[onelianraika.com/index.php/product/cat-toy-mouse/index442e.html]
[onelianraika.com/index.php/product/cat-toy-mouse/index5e92.html]
[onelianraika.com/index.php/product-category/cat-collars/index9391.html]
[onelianraika.com/wp-content/plugins/woocommerce/assets/client/blocks/all-productsc90d.css]
[onelianraika.com/wp-content/plugins/woocommerce/assets/client/blocks/cartc90d.css]
[onelianraika.com/index55d4.html]
[onelianraika.com/index.php/cart/index5e92.html]
[onelianraika.com/index.php/product-category/cat-collars/index442e.html]
[onelianraika.com/index.php/product-category/cat-collars/index5e92.html]
[onelianraika.com/index.php/cart/index9391.html]
[onelianraika.com/index.php/cart/indexb0c6.html]
[onelianraika.com/index14c7.html]
[onelianraika.com/index.php/product/cat-ceramic-bowl/index9391.html]
[onelianraika.com/index.php/product/cat-ceramic-bowl/index5e92.html]
[onelianraika.com/index5723.html]
[onelianraika.com/index.php/product/cozy-cat-bed/index9391.html]
[onelianraika.com/index.php/product/cozy-cat-bed/index442e.html]
[onelianraika.com/index77b4.html]
[onelianraika.com/index.php/checkout/index.html]
[onelianraika.com/index.php/product-category/cat-collars/feed/index.html]
[onelianraika.com/index.php/wp-json/wp/v2/product_cat/24.json]
[onelianraika.com/index.php/product-category/dog-collars/index.html]
[onelianraika.com/index.php/product/dog-chew-toy/indexb0c6.html]
[onelianraika.com/index.php/product/dog-chew-toy/index8026.html]
[onelianraika.com/indexfcc0.html]
[onelianraika.com/index.php/product/flower-dog-leash/index8026.html]
[onelianraika.com/index17d3.html]
[onelianraika.com/index.php/product/pink-dog-collar/indexb0c6.html]
[onelianraika.com/wp-content/plugins/woocommerce/assets/css/photoswipe/default-skin/default-skin.svg]
[onelianraika.com/index.php/product-category/cat-collars/index9391.html]
[onelianraika.com/index.php/product-category/cat-collars/index442e.html]
[onelianraika.com/index.php/product-category/cat-collars/index5e92.html]
[onelianraika.com/index.php/product-category/dog-collars/indexb0c6.html]
[onelianraika.com/index.php/product-category/dog-collars/index8026.html]
[onelianraika.com/index.php/product-category/dog-collars/feed/index.html]
[onelianraika.com/index.php/wp-json/oembed/1.0/embedf29b.json]
[onelianraika.com/index.php/wp-json/oembed/1.0/embed9d81]
[onelianraika.com/wp-content/plugins/woocommerce/assets/client/blocks/checkoutc90d.css]
[onelianraika.com/index.php/wp-json/wp/v2/pages/368.json]
[onelianraika.com/index.php/checkout/index.html]
[onelianraika.com/index.php/product-category/dog-collars/indexb0c6.html]
[onelianraika.com/index.php/product-category/dog-collars/index8026.html]
[onelianraika.com/wp-content/plugins/woocommerce/assets/client/blocks/checkoutc90d.css]
[onelianraika.com/index5ee4.html]
